Command: E:\ESP32_NEWBIE\Espressif\python_env\idf5.5_py3.11_env\Scripts\python.exe E:\ESP32_NEWBIE\Espressif\frameworks\esp-idf-v5.5\tools/idf_monitor.py -p COM10 -b 115200 --toolchain-prefix xtensa-esp32-elf- --target esp32 --revision 0 E:\ESP32_NEWBIE\Espressif\frameworks\esp-idf-v5.5\examples\get-started\SPI\esp32_spi_slave\build\esp32_spi_slave.elf E:\ESP32_NEWBIE\Espressif\frameworks\esp-idf-v5.5\examples\get-started\SPI\esp32_spi_slave\build\bootloader\bootloader.elf --force-color -m 'E:\ESP32_NEWBIE\Espressif\python_env\idf5.5_py3.11_env\Scripts\python.exe' 'E:\ESP32_NEWBIE\Espressif\frameworks\esp-idf-v5.5\tools\idf.py' '-p' 'COM10'
H*ï¿½ï¿½Speed      : 40MHz
I (ï¿½ets Jul 29 2019 12:21:46

rst:0x1 (POWERON_RESET),boot:0x13 (SPI_FAST_FLASH_BOOT)
configsip: 0, SPIWP:0xee
clk_drv:0x00,q_drv:0x00,d_drv:0x00,cs0_drv:0x00,hd_drv:0x00,wp_drv:0x00
mode:DIO, clock div:2
load:0x3fff0030,len:6380
ho 0 tail 12 room 4
load:0x40078000,len:15916
load:0x40080400,len:3860
entry 0x40080638
[0;32mI (29) boot: ESP-IDF v5.5-dirty 2nd stage bootloader[0m
[0;32mI (29) boot: compile time Sep 10 2025 11:33:35[0m
[0;32mI (29) boot: Multicore bootloader[0m
[0;32mI (31) boot: chip revision: v3.0[0m
[0;32mI (34) boot.esp32: SPI Speed      : 40MHz[0m
[0;32mI (37) boot.esp32: SPI Mode       : DIO[0m
[0;32mI (41) boot.esp32: SPI Flash Size : 2MB[0m
[0;32mI (45) boot: Enabling RNG early entropy source...[0m
[0;32mI (49) boot: Partition Table:[0m
[0;32mI (52) boot: ## Label            Usage          Type ST Offset   Length[0m
[0;32mI (58) boot:  0 nvs              WiFi data        01 02 00009000 00006000[0m
[0;32mI (65) boot:  1 phy_init         RF data          01 01 0000f000 00001000[0m
[0;32mI (71) boot:  2 factory          factory app      00 00 00010000 00100000[0m
[0;32mI (78) boot: End of partition table[0m
[0;32mI (81) esp_image: segment 0: paddr=00010020 vaddr=3f400020 size=0aa88h ( 43656) map[0m
[0;32mI (103) esp_image: segment 1: paddr=0001aab0 vaddr=3ff80000 size=00020h (    32) load[0m
[0;32mI (104) esp_image: segment 2: paddr=0001aad8 vaddr=3ffb0000 size=02408h (  9224) load[0m
[0;32mI (111) esp_image: segment 3: paddr=0001cee8 vaddr=40080000 size=03130h ( 12592) load[0m
[0;32mI (120) esp_image: segment 4: paddr=00020020 vaddr=400d0020 size=15f40h ( 89920) map[0m
[0;32mI (153) esp_image: segment 5: paddr=00035f68 vaddr=40083130 size=0a9c0h ( 43456) load[0m
[0;32mI (177) boot: Loaded app from partition at offset 0x10000[0m
[0;32mI (177) boot: Disabling RNG early entropy source...[0m
[0;32mI (187) cpu_start: Multicore app[0m
[0;32mI (196) cpu_start: Pro cpu start user code[0m
[0;32mI (196) cpu_start: cpu freq: 160000000 Hz[0m
[0;32mI (196) app_init: Application information:[0m
[0;32mI (196) app_init: Project name:     esp32_spi_slave[0m
[0;32mI (200) app_init: App version:      v5.5-dirty[0m
[0;32mI (205) app_init: Compile time:     Sep 10 2025 11:28:31[0m
[0;32mI (210) app_init: ELF file SHA256:  686cf0c3f...[0m
[0;32mI (214) app_init: ESP-IDF:          v5.5-dirty[0m
[0;32mI (218) efuse_init: Min chip rev:     v0.0[0m
[0;32mI (222) efuse_init: Max chip rev:     v3.99 [0m
[0;32mI (226) efuse_init: Chip rev:         v3.0[0m
[0;32mI (230) heap_init: Initializing. RAM available for dynamic allocation:[0m
[0;32mI (236) heap_init: At 3FFAE6E0 len 00001920 (6 KiB): DRAM[0m
[0;32mI (241) heap_init: At 3FFB2D90 len 0002D270 (180 KiB): DRAM[0m
[0;32mI (246) heap_init: At 3FFE0440 len 00003AE0 (14 KiB): D/IRAM[0m
[0;32mI (252) heap_init: At 3FFE4350 len 0001BCB0 (111 KiB): D/IRAM[0m
[0;32mI (257) heap_init: At 4008DAF0 len 00012510 (73 KiB): IRAM[0m
[0;33mW (264) spi_flash: boya detected but related driver is not linked, please check option `SPI_FLASH_SUPPORT_BOYA_CHIP`[0m
[0;32mI (273) spi_flash: detected chip: generic[0m
[0;32mI (276) spi_flash: flash io: dio[0m
[0;33mW (279) spi_flash: Detected size(4096k) larger than the size in the binary image header(2048k). Using the size in the binary image header.[0m
[0;32mI (292) main_task: Started on CPU0[0m
[0;32mI (302) main_task: Calling app_main()[0m
[0;32mI (302) SLAVE_RECV: [START] spi_slave_receive_task running[0m
[0;32mI (302) main_task: Returned from app_main()[0m
[0;32mI (6702) SLAVE_RECV: Received from master: count=2, msg=Hello Slave![0m
[0;32mI (6702) SLAVE_SEND: Sent to master: count=0, msg=Hello Master![0m
[0;32mI (11702) SLAVE_RECV: Received from master: count=3, msg=Hello Slave![0m
[0;32mI (11702) SLAVE_SEND: Sent to master: count=1, msg=Hello Master![0m
[0;32mI (16702) SLAVE_RECV: Received from master: count=3, msg=Hello Slave![0m
[0;32mI (16702) SLAVE_SEND: Sent to master: count=2, msg=Hello Master![0m
[0;32mI (21702) SLAVE_RECV: Received from master: count=5, msg=Hello Slave![0m
[0;32mI (21702) SLAVE_SEND: Sent to master: count=3, msg=Hello Master![0m
[0;32mI (26702) SLAVE_RECV: Received from master: count=6, msg=Hello Slave![0m
[0;32mI (26702) SLAVE_SEND: Sent to master: count=4, msg=Hello Master![0m
[0;32mI (31702) SLAVE_RECV: Received from master: count=7, msg=Hello Slave![0m
[0;32mI (31702) SLAVE_SEND: Sent to master: count=5, msg=Hello Master![0m
[0;32mI (36702) SLAVE_RECV: Received from master: count=8, msg=Hello Slave![0m
[0;32mI (36702) SLAVE_SEND: Sent to master: count=6, msg=Hello Master![0m
[0;32mI (41702) SLAVE_RECV: Received from master: count=8, msg=Hello Slave![0m
[0;32mI (41702) SLAVE_SEND: Sent to master: count=7, msg=Hello Master![0m
[0;32mI (46702) SLAVE_RECV: Received from master: count=10, msg=Hello Slave![0m
[0;32mI (46702) SLAVE_SEND: Sent to master: count=8, msg=Hello Master![0m
[0;32mI (51702) SLAVE_RECV: Received from master: count=11, msg=Hello Slave![0m
[0;32mI (51702) SLAVE_SEND: Sent to master: count=9, msg=Hello Master![0m
[0;32mI (56702) SLAVE_RECV: Received from master: count=11, msg=Hello Slave![0m
[0;32mI (56702) SLAVE_SEND: Sent to master: count=10, msg=Hello Master![0m
[0;32mI (61702) SLAVE_RECV: Received from master: count=11, msg=Hello Slave![0m
[0;32mI (61702) SLAVE_SEND: Sent to master: count=11, msg=Hello Master![0m
[0;32mI (66702) SLAVE_RECV: Received from master: count=14, msg=Hello Slave![0m
[0;32mI (66702) SLAVE_SEND: Sent to master: count=12, msg=Hello Master![0m
[0;32mI (71702) SLAVE_RECV: Received from master: count=15, msg=Hello Slave![0m
[0;32mI (71702) SLAVE_SEND: Sent to master: count=13, msg=Hello Master![0m
[0;32mI (72262) SLAVE_RECV: Received from master: count=15, msg=Hello Slave![0m
[0;32mI (72262) SLAVE_SEND: Sent to master: count=14, msg=Hello Master![0m
[0;32mI (79472) SLAVE_RECV: Received from master: count=15, msg=Hello Slave![0m
[0;32mI (79472) SLAVE_SEND: Sent to master: count=15, msg=Hello Master![0m
[0;32mI (82462) SLAVE_RECV: Received from master: count=1, msg=Hello Slave![0m
[0;32mI (82462) SLAVE_SEND: Sent to master: count=16, msg=Hello Master![0m
[0;32mI (85462) SLAVE_RECV: Received from master: count=2, msg=Hello Slave![0m
[0;32mI (85462) SLAVE_SEND: Sent to master: count=17, msg=Hello Master![0m
[0;32mI (88462) SLAVE_RECV: Received from master: count=3, msg=Hello Slave![0m
[0;32mI (88462) SLAVE_SEND: Sent to master: count=18, msg=Hello Master![0m
[0;32mI (91462) SLAVE_RECV: Received from master: count=4, msg=Hello Slave![0m
[0;32mI (91462) SLAVE_SEND: Sent to master: count=19, msg=Hello Master![0m
[0;32mI (94462) SLAVE_RECV: Received from master: count=5, msg=Hello Slave![0m
[0;32mI (94462) SLAVE_SEND: Sent to master: count=20, msg=Hello Master![0m
[0;32mI (97462) SLAVE_RECV: Received from master: count=5, msg=Hello Slave![0m
[0;32mI (97462) SLAVE_SEND: Sent to master: count=21, msg=Hello Master![0m
[0;32mI (100462) SLAVE_RECV: Received from master: count=7, msg=Hello Slave![0m
[0;32mI (100462) SLAVE_SEND: Sent to master: count=22, msg=Hello Master![0m
[0;32mI (103462) SLAVE_RECV: Received from master: count=8, msg=Hello Slave![0m
[0;32mI (103462) SLAVE_SEND: Sent to master: count=23, msg=Hello Master![0m
[0;32mI (106462) SLAVE_