Command: E:\ESP32_NEWBIE\Espressif\python_env\idf5.5_py3.11_env\Scripts\python.exe E:\ESP32_NEWBIE\Espressif\frameworks\esp-idf-v5.5\tools/idf_monitor.py -p COM7 -b 115200 --toolchain-prefix xtensa-esp32-elf- --target esp32 --revision 0 E:\ESP32_NEWBIE\Espressif\frameworks\esp-idf-v5.5\examples\get-started\SPI\esp32_spi_master\build\esp32_spi_master.elf E:\ESP32_NEWBIE\Espressif\frameworks\esp-idf-v5.5\examples\get-started\SPI\esp32_spi_master\build\bootloader\bootloader.elf --force-color -m 'E:\ESP32_NEWBIE\Espressif\python_env\idf5.5_py3.11_env\Scripts\python.exe' 'E:\ESP32_NEWBIE\Espressif\frameworks\esp-idf-v5.5\tools\idf.py' '-p' 'COM7'
H(
Bï¿½ï¿½Jï¿½ï¿½Ñ¹esp32: SPI Spets Jul 29 2019 12:21:46

rst:0x1 (POWERON_RESET),boot:0x13 (SPI_FAST_FLASH_BOOT)
configsip: 0, SPIWP:0xee
clk_drv:0x00,q_drv:0x00,d_drv:0x00,cs0_drv:0x00,hd_drv:0x00,wp_drv:0x00
mode:DIO, clock div:2
load:0x3fff0030,len:6380
ho 0 tail 12 room 4
load:0x40078000,len:15916
load:0x40080400,len:3860
entry 0x40080638
[0;32mI (29) boot: ESP-IDF v5.5-dirty 2nd stage bootloader[0m
[0;32mI (29) boot: compile time Sep 10 2025 11:14:48[0m
[0;32mI (29) boot: Multicore bootloader[0m
[0;32mI (31) boot: chip revision: v3.0[0m
[0;32mI (34) boot.esp32: SPI Speed      : 40MHz[0m
[0;32mI (37) boot.esp32: SPI Mode       : DIO[0m
[0;32mI (41) boot.esp32: SPI Flash Size : 2MB[0m
[0;32mI (45) boot: Enabling RNG early entropy source...[0m
[0;32mI (49) boot: Partition Table:[0m
[0;32mI (52) boot: ## Label            Usage          Type ST Offset   Length[0m
[0;32mI (58) boot:  0 nvs              WiFi data        01 02 00009000 00006000[0m
[0;32mI (65) boot:  1 phy_init         RF data          01 01 0000f000 00001000[0m
[0;32mI (71) boot:  2 factory          factory app      00 00 00010000 00100000[0m
[0;32mI (78) boot: End of partition table[0m
[0;32mI (81) esp_image: segment 0: paddr=00010020 vaddr=3f400020 size=0b220h ( 45600) map[0m
[0;32mI (104) esp_image: segment 1: paddr=0001b248 vaddr=3ff80000 size=00020h (    32) load[0m
[0;32mI (104) esp_image: segment 2: paddr=0001b270 vaddr=3ffb0000 size=02540h (  9536) load[0m
[0;32mI (111) esp_image: segment 3: paddr=0001d7b8 vaddr=40080000 size=02860h ( 10336) load[0m
[0;32mI (119) esp_image: segment 4: paddr=00020020 vaddr=400d0020 size=15b24h ( 88868) map[0m
[0;32mI (153) esp_image: segment 5: paddr=00035b4c vaddr=40082860 size=0c4d8h ( 50392) load[0m
[0;32mI (180) boot: Loaded app from partition at offset 0x10000[0m
[0;32mI (180) boot: Disabling RNG early entropy source...[0m
[0;32mI (191) cpu_start: Multicore app[0m
[0;32mI (199) cpu_start: Pro cpu start user code[0m
[0;32mI (199) cpu_start: cpu freq: 160000000 Hz[0m
[0;32mI (199) app_init: Application information:[0m
[0;32mI (199) app_init: Project name:     esp32_spi_master[0m
[0;32mI (204) app_init: App version:      v5.5-dirty[0m
[0;32mI (208) app_init: Compile time:     Sep 10 2025 11:14:39[0m
[0;32mI (213) app_init: ELF file SHA256:  84bb193b9...[0m
[0;32mI (218) app_init: ESP-IDF:          v5.5-dirty[0m
[0;32mI (222) efuse_init: Min chip rev:     v0.0[0m
[0;32mI (226) efuse_init: Max chip rev:     v3.99 [0m
[0;32mI (230) efuse_init: Chip rev:         v3.0[0m
[0;32mI (234) heap_init: Initializing. RAM available for dynamic allocation:[0m
[0;32mI (240) heap_init: At 3FFAE6E0 len 00001920 (6 KiB): DRAM[0m
[0;32mI (245) heap_init: At 3FFB2E40 len 0002D1C0 (180 KiB): DRAM[0m
[0;32mI (250) heap_init: At 3FFE0440 len 00003AE0 (14 KiB): D/IRAM[0m
[0;32mI (256) heap_init: At 3FFE4350 len 0001BCB0 (111 KiB): D/IRAM[0m
[0;32mI (261) heap_init: At 4008ED38 len 000112C8 (68 KiB): IRAM[0m
[0;32mI (268) spi_flash: detected chip: generic[0m
[0;32mI (270) spi_flash: flash io: dio[0m
[0;33mW (273) spi_flash: Detected size(4096k) larger than the size in the binary image header(2048k). Using the size in the binary image header.[0m
[0;32mI (286) main_task: Started on CPU0[0m
[0;32mI (296) main_task: Calling app_main()[0m
[0;32mI (296) MASTER_SEND: Send: count=0, msg=Hello Slave![0m
[0;32mI (296) main_task: Returned from app_main()[0m
[0;32mI (3296) MASTER_SEND: Send: count=1, msg=Hello Slave![0m
[0;32mI (3296) MASTER_RECV: Received from slave: count=16, msg=Hello D[0m
[0;32mI (6296) MASTER_SEND: Send: count=2, msg=Hello Slave![0m
[0;32mI (6296) MASTER_RECV: Received from slave: count=17, msg=Hello Master![0m
[0;32mI (9296) MASTER_SEND: Send: count=3, msg=Hello Slave![0m
[0;32mI (9296) MASTER_RECV: Received from slave: count=18, msg=Hello D[0m
[0;32mI (12296) MASTER_SEND: Send: count=4, msg=Hello Slave![0m
[0;32mI (12296) MASTER_RECV: Received from slave: count=19, msg=Hello Master![0m
[0;32mI (15296) MASTER_SEND: Send: count=5, msg=Hello Slave![0m
[0;32mI (15296) MASTER_RECV: Received from slave: count=20, msg=Hello D[0m
[0;32mI (18296) MASTER_SEND: Send: count=6, msg=Hello Slave![0m
[0;32mI (21296) MASTER_SEND: Send: count=7, msg=Hello Slave![0m
[0;32mI (21296) MASTER_RECV: Received from slave: count=22, msg=Hello Master![0m
[0;32mI (24296) MASTER_SEND: Send: count=8, msg=Hello Slave![0m
[0;32mI (24296) MASTER_RECV: Received from slave: count=23, msg=Hello Master![0m
[0;32mI (27296) MASTER_SEND: Send: count=9, msg=Hello Slave![0m
[0;32mI (27296) MASTER_RECV: Received from slave: count=24, msg=Hello Master![0m
[0;32mI (30296) MASTER_SEND: Send: count=10, msg=Hello Slave![0m
[0;32mI (33296) MASTER_SEND: Send: count=11, msg=Hello Slave![0m
[0;32mI (33296) MASTER_RECV: Received from slave: count=26, msg=Hello Mastee[0m
[0;32mI (36296) MASTER_SEND: Send: count=12, msg=Hello Slave![0m
[0;32mI (39296) MASTER_SEND: Send: count=13, msg=Hello Slave![0m
[0;32mI (39296) MASTER_RECV: Received from slave: count=28, msg=Hello F[0m
[0;32mI (42296) MASTER_SEND: Send: count=14, msg=Hello Slave![0m
[0;32mI (45296) MASTER_SEND: Send: count=15, msg=Hello Slave![0m
[0;32mI (45296) MASTER_RECV: Received from slave: count=30, msg=Hello F[0m
[0;32mI (48296) MASTER_SEND: Send: count=16, msg=Hello Slave![0m
[0;32mI (48296) MASTER_RECV: Received from slave: count=31, msg=Hello Master![0m
[0;32mI (51296) MASTER_SEND: Send: count=17, msg=Hello Slave![0m
[0;32mI (51296) MASTER_RECV: Received from slave: count=32, msg=Hello Master![0m
[0;32mI (54296) MASTER_SEND: Send: count=18, msg=Hello Slave![0m
[0;32mI (54296) MASTER_RECV: Received from slave: count=33, msg=Hello Master![0m
[0;32mI (57296) MASTER_SEND: Send: count=19, msg=Hello Slave![0m
[0;32mI (57296) MASTER_RECV: Received from slave: count=34, msg=Hello Master![0m
[0;32mI (60296) MASTER_SEND: Send: count=20, msg=Hello Slave![0m
[0;32mI (60296) MASTER_RECV: Received from slave: count=35, msg=Hello  [0m
[0;32mI (63296) MASTER_SEND: Send: count=21, msg=Hello Slave![0m
[0;32mI (63296) MASTER_RECV: Received from slave: count=36, msg=Hello Mastee[0m
[0;32mI (66296) MASTER_SEND: Send: count=22, msg=Hello Slave![0m
[0;32mI (69296) MASTER_SEND: Send: count=23, msg=Hello Slave![0m
[0;32mI (69296) MASTER_RECV: Received from slave: count=38, msg=Hello Master![0m
[0;32mI (72296) MASTER_SEND: Send: count=24, msg=Hello Slave![0m
[0;32mI (72296) MASTER_RECV: Received from slave: count=39, msg=Hello M`ï¿½
[0;32mI (75296) MASTER_SEND: Send: count=25, msg=Hello Slave![0m
[0;32mI (78296) MASTER_SEND: Send: count=26, msg=Hello Slave![0m
[0;32mI (81296) MASTER_SEND: Send: count=27, msg=Hello Slave![0m
[0;32mI (81296) MASTER_RECV: Received from slave: count=42, msg=Hello Master![0m
[0;32mI (84296) MASTER_SEND: Send: count=28, msg=Hello Slave![0m
[0;32mI (87296) MASTER_SEND: Send: count=29, msg=Hello Slave![0m
[0;32mI (87296) MASTER_RECV: Received from slave: count=44, msg=Hello Mastee[0m
[0;32mI (90296) MASTER_SEND: Send: count=30, msg=Hello Slave![0m
[0;32mI (93296) MASTER_SEND: Send: count=31, msg=Hello Slave![0m
[0;32mI (93296) MASTER_RECV: Received from slave: count=46, msg=Hello Master![0m
[0;32mI (96296) MASTER_SEND: Send: count=32, msg=Hello Slave![0m
[0;32mI (96296) MASTER_RECV: Rec